Archive member included to satisfy reference by file (symbol)

C:/Apps/arm-toolchain/bin/../lib/gcc/arm-none-eabi/13.2.1/thumb/v8-m.main+fp/hard\libc_nano.a(libc_a-atoi.o)
                              C:/Users/wzi25001/Documents/LABFILES/src/sample/../../build/stuff.c.o (atoi)
C:/Apps/arm-toolchain/bin/../lib/gcc/arm-none-eabi/13.2.1/thumb/v8-m.main+fp/hard\libc_nano.a(libc_a-exit.o)
                              C:/Apps/arm-toolchain/bin/../lib/gcc/arm-none-eabi/13.2.1/thumb/v8-m.main+fp/hard/crt0.o (exit)
C:/Apps/arm-toolchain/bin/../lib/gcc/arm-none-eabi/13.2.1/thumb/v8-m.main+fp/hard\libc_nano.a(libc_a-strtol.o)
                              C:/Apps/arm-toolchain/bin/../lib/gcc/arm-none-eabi/13.2.1/thumb/v8-m.main+fp/hard\libc_nano.a(libc_a-atoi.o) (_strtol_r)
C:/Apps/arm-toolchain/bin/../lib/gcc/arm-none-eabi/13.2.1/thumb/v8-m.main+fp/hard\libc_nano.a(libc_a-ctype_.o)
                              C:/Apps/arm-toolchain/bin/../lib/gcc/arm-none-eabi/13.2.1/thumb/v8-m.main+fp/hard\libc_nano.a(libc_a-strtol.o) (_ctype_)
C:/Apps/arm-toolchain/bin/../lib/gcc/arm-none-eabi/13.2.1/thumb/v8-m.main+fp/hard\libc_nano.a(libc_a-findfp.o)
                              C:/Apps/arm-toolchain/bin/../lib/gcc/arm-none-eabi/13.2.1/thumb/v8-m.main+fp/hard\libc_nano.a(libc_a-exit.o) (__stdio_exit_handler)
C:/Apps/arm-toolchain/bin/../lib/gcc/arm-none-eabi/13.2.1/thumb/v8-m.main+fp/hard\libc_nano.a(libc_a-fwalk.o)
                              C:/Apps/arm-toolchain/bin/../lib/gcc/arm-none-eabi/13.2.1/thumb/v8-m.main+fp/hard\libc_nano.a(libc_a-findfp.o) (_fwalk_sglue)
C:/Apps/arm-toolchain/bin/../lib/gcc/arm-none-eabi/13.2.1/thumb/v8-m.main+fp/hard\libc_nano.a(libc_a-sprintf.o)
                              C:/Users/wzi25001/Documents/LABFILES/src/sample/../../build/stuff.c.o (sprintf)
C:/Apps/arm-toolchain/bin/../lib/gcc/arm-none-eabi/13.2.1/thumb/v8-m.main+fp/hard\libc_nano.a(libc_a-stdio.o)
                              C:/Apps/arm-toolchain/bin/../lib/gcc/arm-none-eabi/13.2.1/thumb/v8-m.main+fp/hard\libc_nano.a(libc_a-findfp.o) (__sread)
C:/Apps/arm-toolchain/bin/../lib/gcc/arm-none-eabi/13.2.1/thumb/v8-m.main+fp/hard\libc_nano.a(libc_a-memset.o)
                              C:/Apps/arm-toolchain/bin/../lib/gcc/arm-none-eabi/13.2.1/thumb/v8-m.main+fp/hard/crt0.o (memset)
C:/Apps/arm-toolchain/bin/../lib/gcc/arm-none-eabi/13.2.1/thumb/v8-m.main+fp/hard\libc_nano.a(libc_a-closer.o)
                              C:/Apps/arm-toolchain/bin/../lib/gcc/arm-none-eabi/13.2.1/thumb/v8-m.main+fp/hard\libc_nano.a(libc_a-stdio.o) (_close_r)
C:/Apps/arm-toolchain/bin/../lib/gcc/arm-none-eabi/13.2.1/thumb/v8-m.main+fp/hard\libc_nano.a(libc_a-reent.o)
                              C:/Apps/arm-toolchain/bin/../lib/gcc/arm-none-eabi/13.2.1/thumb/v8-m.main+fp/hard\libc_nano.a(libc_a-closer.o) (errno)
C:/Apps/arm-toolchain/bin/../lib/gcc/arm-none-eabi/13.2.1/thumb/v8-m.main+fp/hard\libc_nano.a(libc_a-impure.o)
                              C:/Apps/arm-toolchain/bin/../lib/gcc/arm-none-eabi/13.2.1/thumb/v8-m.main+fp/hard\libc_nano.a(libc_a-strtol.o) (_impure_ptr)
C:/Apps/arm-toolchain/bin/../lib/gcc/arm-none-eabi/13.2.1/thumb/v8-m.main+fp/hard\libc_nano.a(libc_a-lseekr.o)
                              C:/Apps/arm-toolchain/bin/../lib/gcc/arm-none-eabi/13.2.1/thumb/v8-m.main+fp/hard\libc_nano.a(libc_a-stdio.o) (_lseek_r)
C:/Apps/arm-toolchain/bin/../lib/gcc/arm-none-eabi/13.2.1/thumb/v8-m.main+fp/hard\libc_nano.a(libc_a-readr.o)
                              C:/Apps/arm-toolchain/bin/../lib/gcc/arm-none-eabi/13.2.1/thumb/v8-m.main+fp/hard\libc_nano.a(libc_a-stdio.o) (_read_r)
C:/Apps/arm-toolchain/bin/../lib/gcc/arm-none-eabi/13.2.1/thumb/v8-m.main+fp/hard\libc_nano.a(libc_a-writer.o)
                              C:/Apps/arm-toolchain/bin/../lib/gcc/arm-none-eabi/13.2.1/thumb/v8-m.main+fp/hard\libc_nano.a(libc_a-stdio.o) (_write_r)
C:/Apps/arm-toolchain/bin/../lib/gcc/arm-none-eabi/13.2.1/thumb/v8-m.main+fp/hard\libc_nano.a(libc_a-errno.o)
                              C:/Apps/arm-toolchain/bin/../lib/gcc/arm-none-eabi/13.2.1/thumb/v8-m.main+fp/hard\libc_nano.a(libc_a-strtol.o) (__errno)
C:/Apps/arm-toolchain/bin/../lib/gcc/arm-none-eabi/13.2.1/thumb/v8-m.main+fp/hard\libc_nano.a(libc_a-init.o)
                              C:/Apps/arm-toolchain/bin/../lib/gcc/arm-none-eabi/13.2.1/thumb/v8-m.main+fp/hard/crt0.o (__libc_init_array)
C:/Apps/arm-toolchain/bin/../lib/gcc/arm-none-eabi/13.2.1/thumb/v8-m.main+fp/hard\libc_nano.a(libc_a-lock.o)
                              C:/Apps/arm-toolchain/bin/../lib/gcc/arm-none-eabi/13.2.1/thumb/v8-m.main+fp/hard\libc_nano.a(libc_a-findfp.o) (__retarget_lock_init_recursive)
C:/Apps/arm-toolchain/bin/../lib/gcc/arm-none-eabi/13.2.1/thumb/v8-m.main+fp/hard\libc_nano.a(libc_a-strlen.o)
                              C:/Users/wzi25001/Documents/LABFILES/src/sample/../../build/stuff.c.o (strlen)
C:/Apps/arm-toolchain/bin/../lib/gcc/arm-none-eabi/13.2.1/thumb/v8-m.main+fp/hard\libc_nano.a(libc_a-freer.o)
[...]
Memory Configuration

Name             Origin             Length             Attributes
FLASH            0x00000000         0x00100000         xr
EXTFLASH         0x10000000         0x08000000         xr
RAM              0x20000000         0x00040000         xrw
RAM1             0x20040000         0x0003f000         xrw
*default*        0x00000000         0xffffffff

Linker script and memory map

LOAD C:/Apps/arm-toolchain/bin/../lib/gcc/arm-none-eabi/13.2.1/thumb/v8-m.main+fp/hard/crti.o
LOAD C:/Apps/arm-toolchain/bin/../lib/gcc/arm-none-eabi/13.2.1/thumb/v8-m.main+fp/hard/crtbegin.o
LOAD C:/Apps/arm-toolchain/bin/../lib/gcc/arm-none-eabi/13.2.1/thumb/v8-m.main+fp/hard/crt0.o
LOAD C:/Users/wzi25001/Documents/LABFILES/src/sample/../../build/gcc_startup_nrf5340_application.S.o
LOAD C:/Users/wzi25001/Documents/LABFILES/src/sample/../../build/system_nrf5340_application.c.o
LOAD C:/Users/wzi25001/Documents/LABFILES/src/sample/../../build/nrfx_rtc.c.o
LOAD C:/Users/wzi25001/Documents/LABFILES/src/sample/../../build/nrfx_uarte.c.o
LOAD C:/Users/wzi25001/Documents/LABFILES/src/sample/../../build/nrfx_systick.c.o
LOAD C:/Users/wzi25001/Documents/LABFILES/src/sample/../../build/stuff.c.o
LOAD C:/Users/wzi25001/Documents/LABFILES/src/sample/../../build/main.c.o
LOAD C:/Apps/arm-toolchain/bin/../lib/gcc/arm-none-eabi/13.2.1/thumb/v8-m.main+fp/hard\libc_nano.a
LOAD C:/Apps/arm-toolchain/bin/../lib/gcc/arm-none-eabi/13.2.1/thumb/v8-m.main+fp/hard\libnosys.a
LOAD C:/Apps/arm-toolchain/bin/../lib/gcc/arm-none-eabi/13.2.1/thumb/v8-m.main+fp/hard\libm.a
START GROUP
LOAD C:/Apps/arm-toolchain/bin/../lib/gcc/arm-none-eabi/13.2.1/thumb/v8-m.main+fp/hard\libgcc.a
LOAD C:/Apps/arm-toolchain/bin/../lib/gcc/arm-none-eabi/13.2.1/thumb/v8-m.main+fp/hard\libg_nano.a
LOAD C:/Apps/arm-toolchain/bin/../lib/gcc/arm-none-eabi/13.2.1/thumb/v8-m.main+fp/hard\libc_nano.a
END GROUP
START GROUP
LOAD C:/Apps/arm-toolchain/bin/../lib/gcc/arm-none-eabi/13.2.1/thumb/v8-m.main+fp/hard\libgcc.a
LOAD C:/Apps/arm-toolchain/bin/../lib/gcc/arm-none-eabi/13.2.1/thumb/v8-m.main+fp/hard\libc_nano.a
END GROUP
LOAD C:/Apps/arm-toolchain/bin/../lib/gcc/arm-none-eabi/13.2.1/thumb/v8-m.main+fp/hard/crtend.o
LOAD C:/Apps/arm-toolchain/bin/../lib/gcc/arm-none-eabi/13.2.1/thumb/v8-m.main+fp/hard/crtn.o
START GROUP
LOAD C:/Apps/arm-toolchain/bin/../lib/gcc/arm-none-eabi/13.2.1/thumb/v8-m.main+fp/hard\libgcc.a
LOAD C:/Apps/arm-toolchain/bin/../lib/gcc/arm-none-eabi/13.2.1/thumb/v8-m.main+fp/hard\libc.a
LOAD C:/Apps/arm-toolchain/bin/../lib/gcc/arm-none-eabi/13.2.1/thumb/v8-m.main+fp/hard\libnosys.a
END GROUP
                0x00000000                        . = ALIGN (ORIGIN (FLASH), 0x4)

.vectors        0x00000000      0x400
                0x00000000                        __vectors_start = .
 *(.isr_vector)
 .isr_vector    0x00000000      0x400 C:/Users/wzi25001/Documents/LABFILES/src/sample/../../build/gcc_startup_nrf5340_application.S.o
                0x00000000                __isr_vector
 *(.vectors)
                0x00000400                        __vectors_size = SIZEOF (.vectors)
                0x00000400                        __vectors_end = (__vectors_start + __vectors_size)
                0x00000001                        ASSERT (((__vectors_start == __vectors_end) || ((__vectors_end - ORIGIN (FLASH)) <= LENGTH (FLASH))), error: .vectors is too large to fit in FLASH memory segment)
                0x00000400                        . = ALIGN (0x4)

.ctors          0x00000400        0x0
                0x00000400                        __ctors_start = .
                0x00000400                        __CTOR_LIST__ = .
 *crtbegin*.o(.ctors)
 *(EXCLUDE_FILE(*crtend*.o) .ctors)
 *(SORT_BY_NAME(.ctors.*))
 *(.ctors)
                0x00000400                        __CTOR_END__ = .
                0x00000000                        __ctors_size = SIZEOF (.ctors)
                0x00000400                        __ctors_end = (__ctors_start + __ctors_size)
                0x00000001                        ASSERT (((__ctors_start == __ctors_end) || ((__ctors_end - ORIGIN (FLASH)) <= LENGTH (FLASH))), error: .ctors is too large to fit in FLASH memory segment)
                0x00000400                        . = ALIGN (0x4)

.dtors          0x00000400        0x0
                0x00000400                        __dtors_start = .
                0x00000400                        __DTOR_LIST__ = .
 *crtbegin*.o(.dtors)
 *(EXCLUDE_FILE(*crtend*.o) .dtors)
 *(SORT_BY_NAME(.dtors.*))
 *(.dtors)
                0x00000400                        __DTOR_END__ = .
                0x00000000                        __dtors_size = SIZEOF (.dtors)
                0x00000400                        __dtors_end = (__dtors_start + __dtors_size)
                0x00000001                        ASSERT (((__dtors_start == __dtors_end) || ((__dtors_end - ORIGIN (FLASH)) <= LENGTH (FLASH))), error: .dtors is too large to fit in FLASH memory segment)
                0x00000400                        . = ALIGN (0x4)

.rodata         0x00000400       0x14
                0x00000400                        . = ALIGN (0x4)
                0x00000400                        __rodata_start = .
 *(.rodata*)
 .rodata        0x00000400        0xb C:/Users/wzi25001/Documents/LABFILES/src/sample/../../build/stuff.c.o
 *fill*         0x0000040b        0x1 
 .rodata.rtc_instance
                0x0000040c        0x8 C:/Users/wzi25001/Documents/LABFILES/src/sample/../../build/main.c.o
                0x0000040c                rtc_instance
 *(.srodata .srodata.*)
                0x00000014                        __rodata_size = SIZEOF (.rodata)
                0x00000414                        __rodata_end = (__rodata_start + __rodata_size)
                0x00000001                        ASSERT (((__rodata_start == __rodata_end) || ((__rodata_end - ORIGIN (FLASH)) <= LENGTH (FLASH))), error: .rodata is too large to fit in FLASH memory segment)

.ARM.exidx      0x00000414        0x8
 .ARM.exidx     0x00000414        0x8 C:/Apps/arm-toolchain/bin/../lib/gcc/arm-none-eabi/13.2.1/thumb/v8-m.main+fp/hard/crt0.o
                                 0x10 (size before relaxing)
                0x0000041c                        . = ALIGN (0x4)

.text           0x0000041c     0x1808
                0x0000041c                        __text_start = .
 *(.startup)
 *(.startup*)
 *(.text*)
 .text.deregister_tm_clones
                0x0000041c       0x1c C:/Apps/arm-toolchain/bin/../lib/gcc/arm-none-eabi/13.2.1/thumb/v8-m.main+fp/hard/crtbegin.o
 .text.register_tm_clones
                0x00000438       0x28 C:/Apps/arm-toolchain/bin/../lib/gcc/arm-none-eabi/13.2.1/thumb/v8-m.main+fp/hard/crtbegin.o
 .text.__do_global_dtors_aux
                0x00000460       0x28 C:/Apps/arm-toolchain/bin/../lib/gcc/arm-none-eabi/13.2.1/thumb/v8-m.main+fp/hard/crtbegin.o
 .text.frame_dummy
                0x00000488       0x24 C:/Apps/arm-toolchain/bin/../lib/gcc/arm-none-eabi/13.2.1/thumb/v8-m.main+fp/hard/crtbegin.o
 .text          0x000004ac       0x7c C:/Apps/arm-toolchain/bin/../lib/gcc/arm-none-eabi/13.2.1/thumb/v8-m.main+fp/hard/crt0.o
                0x000004ac                _stack_init
                0x000004b4                _start
                0x000004b4                _mainCRTStartup
 .text          0x00000528       0x88 C:/Users/wzi25001/Documents/LABFILES/src/sample/../../build/gcc_startup_nrf5340_application.S.o
                0x00000528                Reset_Handler
                0x00000598                NMI_Handler
                0x0000059a                HardFault_Handler
                0x0000059c                MemoryManagement_Handler
                0x0000059e                BusFault_Handler
                0x000005a0                UsageFault_Handler
                0x000005a2                SecureFault_Handler
                0x000005a4                SVC_Handler
                0x000005a6                DebugMon_Handler
                0x000005a8                PendSV_Handler
                0x000005aa                SysTick_Handler
                0x000005ac                WDT0_IRQHandler
                0x000005ac                I2S0_IRQHandler
                0x000005ac                IPC_IRQHandler
                0x000005ac                RTC0_IRQHandler
                0x000005ac                PWM3_IRQHandler
                0x000005ac                SERIAL3_IRQHandler
                0x000005ac                FPU_IRQHandler
                0x000005ac                USBD_IRQHandler
                0x000005ac                SERIAL2_IRQHandler
                0x000005ac                EGU3_IRQHandler
                0x000005ac                KMU_IRQHandler
                0x000005ac                CRYPTOCELL_IRQHandler
                0x000005ac                EGU2_IRQHandler
                0x000005ac                SPIM4_IRQHandler
                0x000005ac                QDEC1_IRQHandler
                0x000005ac                CACHE_IRQHandler
                0x000005ac                EGU4_IRQHandler
                0x000005ac                SPU_IRQHandler
                0x000005ac                EGU0_IRQHandler
                0x000005ac                GPIOTE1_IRQHandler
                0x000005ac                TIMER1_IRQHandler
                0x000005ac                PWM2_IRQHandler
                0x000005ac                PWM1_IRQHandler
                0x000005ac                Default_Handler
                0x000005ac                EGU1_IRQHandler
                0x000005ac                EGU5_IRQHandler
                0x000005ac                SAADC_IRQHandler
                0x000005ac                GPIOTE0_IRQHandler
                0x000005ac                SERIAL1_IRQHandler
                0x000005ac                QDEC0_IRQHandler
                0x000005ac                PWM0_IRQHandler
                0x000005ac                RTC1_IRQHandler
                0x000005ac                SERIAL0_IRQHandler
                0x000005ac                USBREGULATOR_IRQHandler
                0x000005ac                NFCT_IRQHandler
                0x000005ac                WDT1_IRQHandler
                0x000005ac                TIMER0_IRQHandler
                0x000005ac                TIMER2_IRQHandler
                0x000005ac                QSPI_IRQHandler
                0x000005ac                COMP_LPCOMP_IRQHandler
                0x000005ac                CLOCK_POWER_IRQHandler
                0x000005ac                PDM0_IRQHandler
 .text.nrf53_errata_42
                0x000005b0       0x64 C:/Users/wzi25001/Documents/LABFILES/src/sample/../../build/system_nrf5340_application.c.o
 .text.nrf53_errata_46
                0x00000614       0x64 C:/Users/wzi25001/Documents/LABFILES/src/sample/../../build/system_nrf5340_application.c.o
 .text.nrf53_errata_49
                0x00000678       0x64 C:/Users/wzi25001/Documents/LABFILES/src/sample/../../build/system_nrf5340_application.c.o
 .text.nrf53_errata_55
                0x000006dc       0x64 C:/Users/wzi25001/Documents/LABFILES/src/sample/../../build/system_nrf5340_application.c.o
 .text.nrf53_errata_64
                0x00000740       0x64 C:/Users/wzi25001/Documents/LABFILES/src/sample/../../build/system_nrf5340_application.c.o
 .text.nrf53_errata_69
                0x000007a4       0x64 C:/Users/wzi25001/Documents/LABFILES/src/sample/../../build/system_nrf5340_application.c.o
 .text.nrf53_errata_97
                0x00000808       0x64 C:/Users/wzi25001/Documents/LABFILES/src/sample/../../build/system_nrf5340_application.c.o
 .text.nrf53_errata_140
                0x0000086c       0x64 C:/Users/wzi25001/Documents/LABFILES/src/sample/../../build/system_nrf5340_application.c.o
 .text.nrf53_errata_160
                0x000008d0       0x64 C:/Users/wzi25001/Documents/LABFILES/src/sample/../../build/system_nrf5340_application.c.o
 .text.nrf53_handle_approtect
                0x00000934       0x2c C:/Users/wzi25001/Documents/LABFILES/src/sample/../../build/system_nrf5340_application.c.o
 .text.SystemInit
                0x00000960      0x224 C:/Users/wzi25001/Documents/LABFILES/src/sample/../../build/system_nrf5340_application.c.o
                0x00000960                SystemInit
 .text.SystemStoreFICRNS
                0x00000b84       0x64 C:/Users/wzi25001/Documents/LABFILES/src/sample/../../build/system_nrf5340_application.c.o
                0x00000b84                SystemStoreFICRNS
 .text.nrf_event_readback
                0x00000be8       0x18 C:/Users/wzi25001/Documents/LABFILES/src/sample/../../build/nrfx_rtc.c.o
 .text.nrf_barrier_w
                0x00000c00        0xe C:/Users/wzi25001/Documents/LABFILES/src/sample/../../build/nrfx_rtc.c.o
 .text.nrf_rtc_int_enable
                0x00000c0e       0x1e C:/Users/wzi25001/Documents/LABFILES/src/sample/../../build/nrfx_rtc.c.o
 .text.nrf_rtc_event_clear
                0x00000c2c       0x2a C:/Users/wzi25001/Documents/LABFILES/src/sample/../../build/nrfx_rtc.c.o
 .text.nrf_rtc_prescaler_set
                0x00000c56       0x1e C:/Users/wzi25001/Documents/LABFILES/src/sample/../../build/nrfx_rtc.c.o
 .text.nrf_rtc_task_trigger
                0x00000c74       0x24 C:/Users/wzi25001/Documents/LABFILES/src/sample/../../build/nrfx_rtc.c.o
 .text.nrf_rtc_compare_event_get
                0x00000c98       0x20 C:/Users/wzi25001/Documents/LABFILES/src/sample/../../build/nrfx_rtc.c.o
 .text.nrfy_rtc_periph_configure
                0x00000cb8       0x22 C:/Users/wzi25001/Documents/LABFILES/src/sample/../../build/nrfx_rtc.c.o
 .text.nrfy_rtc_int_init
                0x00000cda       0x74 C:/Users/wzi25001/Documents/LABFILES/src/sample/../../build/nrfx_rtc.c.o
 .text.nrfy_rtc_task_trigger
                0x00000d4e       0x22 C:/Users/wzi25001/Documents/LABFILES/src/sample/../../build/nrfx_rtc.c.o
 .text.__nrfy_internal_rtc_event_enabled_clear
                0x00000d70       0x38 C:/Users/wzi25001/Documents/LABFILES/src/sample/../../build/nrfx_rtc.c.o
 .text.nrfx_rtc_init
                0x00000da8       0xa8 C:/Users/wzi25001/Documents/LABFILES/src/sample/../../build/nrfx_rtc.c.o
                0x00000da8                nrfx_rtc_init
 .text.nrfx_rtc_enable
                0x00000e50       0x30 C:/Users/wzi25001/Documents/LABFILES/src/sample/../../build/nrfx_rtc.c.o
                0x00000e50                nrfx_rtc_enable
 .text.nrf_event_readback
                0x00000e80       0x18 C:/Users/wzi25001/Documents/LABFILES/src/sample/../../build/nrfx_uarte.c.o
 .text.nrf_barrier_w
                0x00000e98        0xe C:/Users/wzi25001/Documents/LABFILES/src/sample/../../build/nrfx_uarte.c.o
 .text.nrf_barrier_rw
                0x00000ea6        0xe C:/Users/wzi25001/Documents/LABFILES/src/sample/../../build/nrfx_uarte.c.o
 .text.nrf_uarte_event_clear
                0x00000eb4       0x2a C:/Users/wzi25001/Documents/LABFILES/src/sample/../../build/nrfx_uarte.c.o
 .text.nrf_uarte_int_enable
                0x00000ede       0x1e C:/Users/wzi25001/Documents/LABFILES/src/sample/../../build/nrfx_uarte.c.o
 .text.nrf_uarte_errorsrc_get_and_clear
                0x00000efc       0x26 C:/Users/wzi25001/Documents/LABFILES/src/sample/../../build/nrfx_uarte.c.o
 .text.nrf_uarte_enable
                0x00000f22       0x1c C:/Users/wzi25001/Documents/LABFILES/src/sample/../../build/nrfx_uarte.c.o
 .text.nrf_uarte_disable
                0x00000f3e       0x1c C:/Users/wzi25001/Documents/LABFILES/src/sample/../../build/nrfx_uarte.c.o
 .text.nrf_uarte_txrx_pins_set
                0x00000f5a       0x28 C:/Users/wzi25001/Documents/LABFILES/src/sample/../../build/nrfx_uarte.c.o
 .text.nrf_uarte_hwfc_pins_set
                0x00000f82       0x28 C:/Users/wzi25001/Documents/LABFILES/src/sample/../../build/nrfx_uarte.c.o
 .text.nrf_uarte_task_trigger
                0x00000faa       0x22 C:/Users/wzi25001/Documents/LABFILES/src/sample/../../build/nrfx_uarte.c.o
 .text.nrf_uarte_configure
                0x00000fcc       0x36 C:/Users/wzi25001/Documents/LABFILES/src/sample/../../build/nrfx_uarte.c.o
 .text.nrf_uarte_baudrate_set
                0x00001002       0x1e C:/Users/wzi25001/Documents/LABFILES/src/sample/../../build/nrfx_uarte.c.o
 .text.nrfy_uarte_periph_configure
                0x00001020       0x72 C:/Users/wzi25001/Documents/LABFILES/src/sample/../../build/nrfx_uarte.c.o
 .text.nrfy_uarte_int_init
                0x00001092       0xb8 C:/Users/wzi25001/Documents/LABFILES/src/sample/../../build/nrfx_uarte.c.o
 .text.nrfy_uarte_errorsrc_get_and_clear
                0x0000114a       0x22 C:/Users/wzi25001/Documents/LABFILES/src/sample/../../build/nrfx_uarte.c.o
 .text.nrfy_uarte_enable
                0x0000116c       0x1a C:/Users/wzi25001/Documents/LABFILES/src/sample/../../build/nrfx_uarte.c.o
 .text.nrfy_uarte_disable
                0x00001186       0x1a C:/Users/wzi25001/Documents/LABFILES/src/sample/../../build/nrfx_uarte.c.o
 .text.nrfy_uarte_task_trigger
                0x000011a0       0x22 C:/Users/wzi25001/Documents/LABFILES/src/sample/../../build/nrfx_uarte.c.o
 .text.__nrfy_internal_uarte_event_enabled_clear
                0x000011c2       0x38 C:/Users/wzi25001/Documents/LABFILES/src/sample/../../build/nrfx_uarte.c.o
 *fill*         0x000011fa        0x2 
 .text.nrf_gpio_pin_port_decode
                0x000011fc       0x3c C:/Users/wzi25001/Documents/LABFILES/src/sample/../../build/nrfx_uarte.c.o
 .text.nrf_gpio_cfg
                0x00001238       0x7c C:/Users/wzi25001/Documents/LABFILES/src/sample/../../build/nrfx_uarte.c.o
 .text.nrf_gpio_cfg_output
                0x000012b4       0x24 C:/Users/wzi25001/Documents/LABFILES/src/sample/../../build/nrfx_uarte.c.o
 .text.nrf_gpio_cfg_input
                0x000012d8       0x28 C:/Users/wzi25001/Documents/LABFILES/src/sample/../../build/nrfx_uarte.c.o
 .text.nrf_gpio_pin_set
                0x00001300       0x2a C:/Users/wzi25001/Documents/LABFILES/src/sample/../../build/nrfx_uarte.c.o
 .text.nrf_gpio_port_out_set
                0x0000132a       0x1c C:/Users/wzi25001/Documents/LABFILES/src/sample/../../build/nrfx_uarte.c.o
 .text.nrf_gpio_pin_port_number_extract
                0x00001346       0x28 C:/Users/wzi25001/Documents/LABFILES/src/sample/../../build/nrfx_uarte.c.o
 .text.nrfy_gpio_cfg_output
                0x0000136e       0x1a C:/Users/wzi25001/Documents/LABFILES/src/sample/../../build/nrfx_uarte.c.o
 .text.nrfy_gpio_cfg_input
                0x00001388       0x22 C:/Users/wzi25001/Documents/LABFILES/src/sample/../../build/nrfx_uarte.c.o
 .text.nrfy_gpio_pin_set
                0x000013aa       0x1a C:/Users/wzi25001/Documents/LABFILES/src/sample/../../build/nrfx_uarte.c.o
 .text.uarte_configure
                0x000013c4      0x138 C:/Users/wzi25001/Documents/LABFILES/src/sample/../../build/nrfx_uarte.c.o
 .text.apply_workaround_for_enable_anomaly
                0x000014fc       0x8e C:/Users/wzi25001/Documents/LABFILES/src/sample/../../build/nrfx_uarte.c.o
 *fill*         0x0000158a        0x2 
 .text.nrfx_uarte_init
                0x0000158c       0xb4 C:/Users/wzi25001/Documents/LABFILES/src/sample/../../build/nrfx_uarte.c.o
                0x0000158c                nrfx_uarte_init
 .text.nrf_systick_csr_set
                0x00001640       0x20 C:/Users/wzi25001/Documents/LABFILES/src/sample/../../build/nrfx_systick.c.o
 .text.nrf_systick_load_set
                0x00001660       0x20 C:/Users/wzi25001/Documents/LABFILES/src/sample/../../build/nrfx_systick.c.o
 .text.nrf_systick_val_get
                0x00001680       0x18 C:/Users/wzi25001/Documents/LABFILES/src/sample/../../build/nrfx_systick.c.o
 .text.nrfx_systick_ms_tick
                0x00001698       0x30 C:/Users/wzi25001/Documents/LABFILES/src/sample/../../build/nrfx_systick.c.o
 .text.nrfx_systick_init
                0x000016c8       0x16 C:/Users/wzi25001/Documents/LABFILES/src/sample/../../build/nrfx_systick.c.o
                0x000016c8                nrfx_systick_init
 .text.nrfx_systick_delay_ticks
                0x000016de       0x2e C:/Users/wzi25001/Documents/LABFILES/src/sample/../../build/nrfx_systick.c.o
                0x000016de                nrfx_systick_delay_ticks
 .text.nrfx_systick_delay_ms
                0x0000170c       0x90 C:/Users/wzi25001/Documents/LABFILES/src/sample/../../build/nrfx_systick.c.o
                0x0000170c                nrfx_systick_delay_ms
 .text.nrf_gpio_pin_port_decode
                0x0000179c       0x3c C:/Users/wzi25001/Documents/LABFILES/src/sample/../../build/stuff.c.o
 .text.nrf_gpio_cfg
                0x000017d8       0x7c C:/Users/wzi25001/Documents/LABFILES/src/sample/../../build/stuff.c.o
 .text.nrf_gpio_cfg_output
                0x00001854       0x24 C:/Users/wzi25001/Documents/LABFILES/src/sample/../../build/stuff.c.o
 .text.nrf_gpio_cfg_input
                0x00001878       0x28 C:/Users/wzi25001/Documents/LABFILES/src/sample/../../build/stuff.c.o
 .text.nrf_gpio_pin_set
                0x000018a0       0x2a C:/Users/wzi25001/Documents/LABFILES/src/sample/../../build/stuff.c.o
 .text.nrf_gpio_pin_clear
                0x000018ca       0x2a C:/Users/wzi25001/Documents/LABFILES/src/sample/../../build/stuff.c.o
 .text.nrf_gpio_pin_write
                0x000018f4       0x26 C:/Users/wzi25001/Documents/LABFILES/src/sample/../../build/stuff.c.o
 .text.nrf_gpio_port_out_set
                0x0000191a       0x1c C:/Users/wzi25001/Documents/LABFILES/src/sample/../../build/stuff.c.o
 .text.nrf_gpio_port_out_clear
                0x00001936       0x1c C:/Users/wzi25001/Documents/LABFILES/src/sample/../../build/stuff.c.o
 .text.nrf_gpio_pin_port_number_extract
                0x00001952       0x28 C:/Users/wzi25001/Documents/LABFILES/src/sample/../../build/stuff.c.o
 *fill*         0x0000197a        0x2 
 .text.init_stuff
                0x0000197c       0xbc C:/Users/wzi25001/Documents/LABFILES/src/sample/../../build/stuff.c.o
                0x0000197c                init_stuff
 .text.nrf_gpio_pin_port_decode
                0x00001a38       0x3c C:/Users/wzi25001/Documents/LABFILES/src/sample/../../build/main.c.o
 .text.nrf_gpio_pin_toggle
                0x00001a74       0x40 C:/Users/wzi25001/Documents/LABFILES/src/sample/../../build/main.c.o
 .text.nrf_gpio_pin_read
                0x00001ab4       0x2c C:/Users/wzi25001/Documents/LABFILES/src/sample/../../build/main.c.o
 .text.nrf_gpio_port_in_read
                0x00001ae0       0x18 C:/Users/wzi25001/Documents/LABFILES/src/sample/../../build/main.c.o
 .text.nrf_gpio_pin_port_number_extract
                0x00001af8       0x28 C:/Users/wzi25001/Documents/LABFILES/src/sample/../../build/main.c.o
 .text.main     0x00001b20       0x36 C:/Users/wzi25001/Documents/LABFILES/src/sample/../../build/main.c.o
                0x00001b20                main
 *fill*         0x00001b56        0x2 
 .text.exit     0x00001b58       0x24 C:/Apps/arm-toolchain/bin/../lib/gcc/arm-none-eabi/13.2.1/thumb/v8-m.main+fp/hard\libc_nano.a(libc_a-exit.o)
                0x00001b58                exit
 .text.memset   0x00001b7c       0x10 C:/Apps/arm-toolchain/bin/../lib/gcc/arm-none-eabi/13.2.1/thumb/v8-m.main+fp/hard\libc_nano.a(libc_a-memset.o)
                0x00001b7c                memset
 .text.__libc_init_array
                0x00001b8c       0x48 C:/Apps/arm-toolchain/bin/../lib/gcc/arm-none-eabi/13.2.1/thumb/v8-m.main+fp/hard\libc_nano.a(libc_a-init.o)
                0x00001b8c                __libc_init_array
 .text._exit    0x00001bd4        0x4 C:/Apps/arm-toolchain/bin/../lib/gcc/arm-none-eabi/13.2.1/thumb/v8-m.main+fp/hard\libnosys.a(_exit.o)
                0x00001bd4                _exit
                0x00001bd8                        . = ALIGN (0x4)
 *(.init)
 .init          0x00001bd8        0x4 C:/Apps/arm-toolchain/bin/../lib/gcc/arm-none-eabi/13.2.1/thumb/v8-m.main+fp/hard/crti.o
                0x00001bd8                _init
 .init          0x00001bdc        0x8 C:/Apps/arm-toolchain/bin/../lib/gcc/arm-none-eabi/13.2.1/thumb/v8-m.main+fp/hard/crtn.o
                0x00001be4                        . = ALIGN (0x4)
                0x00001be4                        __preinit_array_start = .
 *(.preinit_array)
                0x00001be4                        __preinit_array_end = .
                0x00001be4                        . = ALIGN (0x4)
                0x00001be4                        __init_array_start = .
 *(SORT_BY_NAME(.init_array.*))
 *(.init_array)
 .init_array    0x00001be4        0x4 C:/Apps/arm-toolchain/bin/../lib/gcc/arm-none-eabi/13.2.1/thumb/v8-m.main+fp/hard/crtbegin.o
                0x00001be8                        __init_array_end = .
 *(.fini)
 .fini          0x00001be8        0x4 C:/Apps/arm-toolchain/bin/../lib/gcc/arm-none-eabi/13.2.1/thumb/v8-m.main+fp/hard/crti.o
                0x00001be8                _fini
 .fini          0x00001bec        0x8 C:/Apps/arm-toolchain/bin/../lib/gcc/arm-none-eabi/13.2.1/thumb/v8-m.main+fp/hard/crtn.o
                0x00001bf4                        . = ALIGN (0x4)
                0x00001bf4                        __fini_array_start = .
 *(.fini_array)
 .fini_array    0x00001bf4        0x4 C:/Apps/arm-toolchain/bin/../lib/gcc/arm-none-eabi/13.2.1/thumb/v8-m.main+fp/hard/crtbegin.o
 *(SORT_BY_NAME(.fini_array.*))
                0x00001bf8                        __fini_array_end = .
                0x00001bf8                        . = ALIGN (0x4)
 *(.eh_frame*)
 .eh_frame      0x00001bf8        0x0 C:/Apps/arm-toolchain/bin/../lib/gcc/arm-none-eabi/13.2.1/thumb/v8-m.main+fp/hard/crtbegin.o
 .eh_frame      0x00001bf8       0x28 C:/Apps/arm-toolchain/bin/../lib/gcc/arm-none-eabi/13.2.1/thumb/v8-m.main+fp/hard\libc_nano.a(libc_a-strlen.o)
 .eh_frame      0x00001c20        0x4 C:/Apps/arm-toolchain/bin/../lib/gcc/arm-none-eabi/13.2.1/thumb/v8-m.main+fp/hard/crtend.o
                0x00001c24                        . = ALIGN (0x4)
 *(.eh_frame_hdr)
                0x00001c24                        . = ALIGN (0x4)
 *(.hash)
 *(.gnu.hash)
                0x00001c24                        . = ALIGN (0x4)
 *(.gnu_extab* .gnu.linkonce.extab.*)
                0x00001c24                        . = ALIGN (0x4)
                0x00001c24                        __exidx_start = .
 *(.gnu_exidx* .gnu.linkonce.exidx.*)
                0x00001c24                        . = ALIGN (0x4)
                0x00001c24                        __exidx_end = .
                0x00001808                        __text_size = SIZEOF (.text)
                0x00001c24                        __text_end = (__text_start + __text_size)
                0x00000001                        ASSERT (((__text_start == __text_end) || ((__text_end - ORIGIN (FLASH)) <= LENGTH (FLASH))), error: .text is too large to fit in FLASH memory segment)

.glue_7         0x00001c24        0x0
 .glue_7        0x00001c24        0x0 linker stubs

.glue_7t        0x00001c24        0x0
 .glue_7t       0x00001c24        0x0 linker stubs

.vfp11_veneer   0x00001c24        0x0
 .vfp11_veneer  0x00001c24        0x0 linker stubs

.v4_bx          0x00001c24        0x0
 .v4_bx         0x00001c24        0x0 linker stubs

.iplt           0x00001c24        0x0
 .iplt          0x00001c24        0x0 C:/Apps/arm-toolchain/bin/../lib/gcc/arm-none-eabi/13.2.1/thumb/v8-m.main+fp/hard/crtbegin.o

.rel.dyn        0x00001c24        0x0
 .rel.iplt      0x00001c24        0x0 C:/Apps/arm-toolchain/bin/../lib/gcc/arm-none-eabi/13.2.1/thumb/v8-m.main+fp/hard/crtbegin.o
                0x00001c24                        . = ALIGN (0x4)

.copy.table     0x00001c24       0x30
                0x00001c24                        __copy_table_start__ = .
                0x00001c24        0x4 LONG 0x1c6c __data_load_start
                0x00001c28        0x4 LONG 0x20000000 __data_start
                0x00001c2c        0x4 LONG 0x3 ((__data_end - __data_start) / 0x4)
                0x00001c30        0x4 LONG 0x1c78 __sdata_load_start
                0x00001c34        0x4 LONG 0x2000000c __sdata_start
                0x00001c38        0x4 LONG 0x0 ((__sdata_end - __sdata_start) / 0x4)
                0x00001c3c        0x4 LONG 0x1c78 __tdata_load_start
                0x00001c40        0x4 LONG 0x2000000c __tdata_start
                0x00001c44        0x4 LONG 0x0 ((__tdata_end - __tdata_start) / 0x4)
                0x00001c48        0x4 LONG 0x1c78 __fast_load_start
                0x00001c4c        0x4 LONG 0x2000000c __fast_start
                0x00001c50        0x4 LONG 0x0 ((__fast_end - __fast_start) / 0x4)
                0x00001c54                        __copy_table_end__ = .
                0x00001c54                        . = ALIGN (0x4)

.zero.table     0x00001c54       0x18
                0x00001c54                        __zero_table_start__ = .
                0x00001c54        0x4 LONG 0x2000000c __bss_start
                0x00001c58        0x4 LONG 0x13 ((__bss_end - __bss_start) / 0x4)
                0x00001c5c        0x4 LONG 0x20000058 __sbss_start
                0x00001c60        0x4 LONG 0x0 ((__sbss_end - __sbss_start) / 0x4)
                0x00001c64        0x4 LONG 0x20000058 __tbss_start
                0x00001c68        0x4 LONG 0x0 ((__tbss_end - __tbss_start) / 0x4)
                0x00001c6c                        __zero_table_end__ = .
                0x00001c6c                        . = ALIGN (0x4)
                0x00001c6c                        __etext = .
                [!provide]                        PROVIDE (etext = .)
                0x00001c6c                        PROVIDE (_etext = .)
                0x00001c6c                        . = ALIGN (0x4)
                0x00001c6c                        __all_data_load_start = .
                0x00001c6c                        __data_load_start = .

.data           0x20000000        0xc load address 0x00001c6c
                0x20000000                        . = ALIGN (0x4)
                0x20000000                        __data_start = .
                0x20000000                        __data_start__ = .
 *(vtable)
 *(.data* .gnu.linkonce.d.*)
 .data.SystemCoreClock
                0x20000000        0x4 C:/Users/wzi25001/Documents/LABFILES/src/sample/../../build/system_nrf5340_application.c.o
                0x20000000                SystemCoreClock
 .data.uarte_instance
                0x20000004        0x8 C:/Users/wzi25001/Documents/LABFILES/src/sample/../../build/main.c.o
                0x20000004                uarte_instance
                0x2000000c                        . = ALIGN (0x4)
 *(.jcr*)
                0x0000000c                        __data_size = SIZEOF (.data)
                0x2000000c                        __data_end = (__data_start + __data_size)
                0x2000000c                        __data_end__ = __data_end
                0x00001c78                        __data_load_end = (__data_load_start + __data_size)
                0x00000001                        ASSERT (((__data_load_start == __data_load_end) || ((__data_load_end - ORIGIN (FLASH)) <= LENGTH (FLASH))), error: .data is too large to fit in FLASH memory segment)
                0x00000001                        ASSERT (((__data_start == __data_end) || ((__data_end - ORIGIN (RAM)) <= LENGTH (RAM))), error: .data is too large to fit in RAM memory segment)

.tm_clone_table
                0x2000000c        0x0 load address 0x00001c78
 .tm_clone_table
                0x2000000c        0x0 C:/Apps/arm-toolchain/bin/../lib/gcc/arm-none-eabi/13.2.1/thumb/v8-m.main+fp/hard/crtbegin.o
 .tm_clone_table
                0x2000000c        0x0 C:/Apps/arm-toolchain/bin/../lib/gcc/arm-none-eabi/13.2.1/thumb/v8-m.main+fp/hard/crtend.o

.igot.plt       0x2000000c        0x0 load address 0x00001c78
 .igot.plt      0x2000000c        0x0 C:/Apps/arm-toolchain/bin/../lib/gcc/arm-none-eabi/13.2.1/thumb/v8-m.main+fp/hard/crtbegin.o
                0x2000000c                        . = ALIGN (0x4)
                0x00001c78                        __sdata_load_start = ALIGN (__data_load_end, 0x4)

.sdata          0x2000000c        0x0 load address 0x00001c78
                0x2000000c                        . = ALIGN (0x4)
                0x2000000c                        __sdata_start = .
 *(.sdata .sdata.* .gnu.linkonce.s.*)
 *(.sdata2 .sdata2.* .gnu.linkonce.s2.*)
                0x00000000                        __sdata_size = SIZEOF (.sdata)
                0x2000000c                        __sdata_end = (__sdata_start + __sdata_size)
                0x00001c78                        __sdata_load_end = (__sdata_load_start + __sdata_size)
                0x00000001                        ASSERT (((__sdata_load_start == __sdata_load_end) || ((__sdata_load_end - ORIGIN (FLASH)) <= LENGTH (FLASH))), error: .sdata is too large to fit in FLASH memory segment)
                0x00000001                        ASSERT (((__sdata_start == __sdata_end) || ((__sdata_end - ORIGIN (RAM)) <= LENGTH (RAM))), error: .sdata is too large to fit in RAM memory segment)
                0x2000000c                        . = ALIGN (0x4)
                0x00001c78                        __tdata_load_start = ALIGN (__sdata_load_end, 0x4)

.tdata          0x2000000c        0x0 load address 0x00001c78
                0x2000000c                        . = ALIGN (0x4)
                0x2000000c                        __tdata_start = .
 *(.tdata .tdata.* .gnu.linkonce.td.*)
 *(.stdata .stdata.*)
                0x00000000                        __tdata_size = SIZEOF (.tdata)
                0x2000000c                        __tdata_end = (__tdata_start + __tdata_size)
                0x00001c78                        __tdata_load_end = (__tdata_load_start + __tdata_size)
                0x00000001                        ASSERT (((__tdata_load_start == __tdata_load_end) || ((__tdata_load_end - ORIGIN (FLASH)) <= LENGTH (FLASH))), error: .tdata is too large to fit in FLASH memory segment)
                0x00000001                        ASSERT (((__tdata_start == __tdata_end) || ((__tdata_end - ORIGIN (RAM)) <= LENGTH (RAM))), error: .tdata is too large to fit in RAM memory segment)
                0x2000000c                        . = ALIGN (0x4)
                0x00001c78                        __fast_load_start = ALIGN (__tdata_load_end, 0x4)

.fast           0x2000000c        0x0 load address 0x00001c78
                0x2000000c                        . = ALIGN (0x4)
                0x2000000c                        __fast_start = .
 *(.fast .fast.*)
 *(.fastcode .fastcode.*)
 *(.fastdata .fastdata.*)
 *(.ramcode*)
                0x00000000                        __fast_size = SIZEOF (.fast)
                0x2000000c                        __fast_end = (__fast_start + __fast_size)
                0x00001c78                        __fast_load_end = (__fast_load_start + __fast_size)
                0x00000001                        ASSERT (((__fast_load_start == __fast_load_end) || ((__fast_load_end - ORIGIN (FLASH)) <= LENGTH (FLASH))), error: .fast is too large to fit in FLASH memory segment)
                0x00000001                        ASSERT (((__fast_start == __fast_end) || ((__fast_end - ORIGIN (RAM)) <= LENGTH (RAM))), error: .fast is too large to fit in RAM memory segment)
                0x2000000c                        . = ALIGN (0x4)
                0x2000000c                        _edata = .
                [!provide]                        PROVIDE (edata = .)
                [!provide]                        PROVIDE (__edata = .)
                0x2000000c                        . = ALIGN (0x4)

.noinit         0x2000000c        0x0
                0x2000000c                        __noinit_start = .
                [!provide]                        PROVIDE (__noinit_start__ = .)
 *(.noinit .noinit.*)
 *(.no_init .no_init.*)
 *(.noninit .noninit.*)
 *(.non_init .non_init.*)
                0x2000000c                        . = ALIGN (0x4)
                0x00000000                        __noinit_size = SIZEOF (.noinit)
                0x2000000c                        __noinit_end = (__noinit_start + __noinit_size)
                0x2000000c                        __noinit_end__ = __noinit_end
                0x00000001                        ASSERT (((__noinit_start == __noinit_end) || ((__noinit_end - ORIGIN (RAM)) <= LENGTH (RAM))), error: .noinit is too large to fit in RAM memory segment)
                0x2000000c                        . = ALIGN (0x4)

.bss            0x2000000c       0x4c load address 0x00001c78
                0x2000000c                        __bss_start = .
                0x2000000c                        PROVIDE (__bss_start__ = .)
 *(.bss* .gnu.linkonce.b.*)
 .bss.completed.1
                0x2000000c        0x1 C:/Apps/arm-toolchain/bin/../lib/gcc/arm-none-eabi/13.2.1/thumb/v8-m.main+fp/hard/crtbegin.o
 *fill*         0x2000000d        0x3 
 .bss.object.0  0x20000010       0x18 C:/Apps/arm-toolchain/bin/../lib/gcc/arm-none-eabi/13.2.1/thumb/v8-m.main+fp/hard/crtbegin.o
 .bss.m_cb      0x20000028        0x8 C:/Users/wzi25001/Documents/LABFILES/src/sample/../../build/nrfx_rtc.c.o
 .bss.m_cb      0x20000030       0x24 C:/Users/wzi25001/Documents/LABFILES/src/sample/../../build/nrfx_uarte.c.o
 .bss.__stdio_exit_handler
                0x20000054        0x4 C:/Apps/arm-toolchain/bin/../lib/gcc/arm-none-eabi/13.2.1/thumb/v8-m.main+fp/hard\libc_nano.a(libc_a-findfp.o)
                0x20000054                __stdio_exit_handler
 *(.dynbss)
 *(COMMON)
                0x20000058                        . = ALIGN (0x4)
                0x0000004c                        __bss_size = SIZEOF (.bss)
                0x20000058                        __bss_end = (__bss_start + __bss_size)
                0x20000058                        __bss_end__ = __bss_end
                0x00000001                        ASSERT (((__bss_start == __bss_end) || ((__bss_end - ORIGIN (RAM)) <= LENGTH (RAM))), error: .bss is too large to fit in RAM memory segment)
                0x20000058                        . = ALIGN (0x4)

.sbss           0x20000058        0x0
                0x20000058                        __sbss_start = .
                0x20000058                        __sbss_start__ = __sbss_start
 *(.sbss .sbss.* .gnu.linkonce.sb.*)
 *(.sbss2 .sbss2.* .gnu.linkonce.sb2.*)
 *(.dynsbss)
                0x20000058                        . = ALIGN (0x4)
                0x00000000                        __sbss_size = SIZEOF (.sbss)
                0x20000058                        __sbss_end = (__sbss_start + __sbss_size)
                0x20000058                        __sbss_end__ = __sbss_end
                0x00000001                        ASSERT (((__sbss_start == __sbss_end) || ((__sbss_end - ORIGIN (RAM)) <= LENGTH (RAM))), error: .sbss is too large to fit in RAM memory segment)
                0x20000058                        . = ALIGN (0x4)

.tbss           0x20000058        0x0
                0x20000058                        __tbss_start = .
                0x20000058                        __tbss_start__ = __tbss_start
                0x20000058                        . = ALIGN (0x4)
 *(.tbss .tbss.* .gnu.linkonce.tb.*)
 *(.tcommon)
 *(.stbss .stbss.*)
                0x20000058                        . = ALIGN (0x4)
                0x00000000                        __tbss_size = SIZEOF (.tbss)
                0x20000058                        __tbss_end = (__tbss_start + __tbss_size)
                0x20000058                        __tbss_end__ = __tbss_end
                0x00000001                        ASSERT (((__tbss_start == __tbss_end) || ((__tbss_end - ORIGIN (RAM)) <= LENGTH (RAM))), error: .tbss is too large to fit in RAM memory segment)
                0x20000058                        . = ALIGN (0x4)
                0x20000058                        . = SEGMENT_START ("ldata-segment", .)
                0x20000058                        . = ALIGN (0x4)

.heap           0x20000058     0x4000
                0x20000058                        __heap_start = .
                0x20000058                        __HeapBase = .
                0x20000058                        __heap_base = .
                0x20000058                        __end = .
                0x20000058                        PROVIDE (end = .)
                [!provide]                        PROVIDE (_end = .)
                [!provide]                        PROVIDE (__end__ = .)
 *(.heap*)
 .heap          0x20000058     0x4000 C:/Users/wzi25001/Documents/LABFILES/src/sample/../../build/gcc_startup_nrf5340_application.S.o
                0x20004058                        __HeapLimit = .
                0x20004058                        __heap_limit = .
                0x20004058                        __heap_end = .

.stack_dummy    0x20000058     0x4000
 *(.stack*)
 .stack         0x20000058     0x4000 C:/Users/wzi25001/Documents/LABFILES/src/sample/../../build/gcc_startup_nrf5340_application.S.o
                0x20040000                        __stack_end = (ORIGIN (RAM) + LENGTH (RAM))
                0x20040000                        __StackTop = (ORIGIN (RAM) + LENGTH (RAM))
                0x2003c000                        __StackLimit = (__StackTop - SIZEOF (.stack_dummy))
                0x20040000                        PROVIDE (__stack = __StackTop)
                0x00000001                        ASSERT ((__StackLimit >= __HeapLimit), region RAM overflowed with stack)
                0x0000000c                        DataInitFlashUsed = (__bss_start - __data_start)
                0x00001c6c                        CodeFlashUsed = (_etext - ORIGIN (FLASH))
                0x00001c78                        TotalFlashUsed = (CodeFlashUsed + DataInitFlashUsed)
                0x00000001                        ASSERT ((TotalFlashUsed <= LENGTH (FLASH)), region FLASH overflowed with .data and user data)
OUTPUT(C:/Users/wzi25001/Documents/LABFILES/src/sample/../../build/nrf_test1.elf elf32-littlearm)
LOAD linker stubs

.ARM.attributes
                0x00000000       0x36
 .ARM.attributes
                0x00000000       0x26 C:/Apps/arm-toolchain/bin/../lib/gcc/arm-none-eabi/13.2.1/thumb/v8-m.main+fp/hard/crti.o
 .ARM.attributes
                0x00000026       0x38 C:/Apps/arm-toolchain/bin/../lib/gcc/arm-none-eabi/13.2.1/thumb/v8-m.main+fp/hard/crtbegin.o
 .ARM.attributes
                0x0000005e       0x24 C:/Apps/arm-toolchain/bin/../lib/gcc/arm-none-eabi/13.2.1/thumb/v8-m.main+fp/hard/crt0.o
 .ARM.attributes
                0x00000082       0x24 C:/Users/wzi25001/Documents/LABFILES/src/sample/../../build/gcc_startup_nrf5340_application.S.o
 .ARM.attributes
                0x000000a6       0x3a C:/Users/wzi25001/Documents/LABFILES/src/sample/../../build/system_nrf5340_application.c.o
 .ARM.attributes
                0x000000e0       0x3a C:/Users/wzi25001/Documents/LABFILES/src/sample/../../build/nrfx_rtc.c.o
 .ARM.attributes
                0x0000011a       0x3a C:/Users/wzi25001/Documents/LABFILES/src/sample/../../build/nrfx_uarte.c.o
 .ARM.attributes
                0x00000154       0x3a C:/Users/wzi25001/Documents/LABFILES/src/sample/../../build/nrfx_systick.c.o
 .ARM.attributes
                0x0000018e       0x3a C:/Users/wzi25001/Documents/LABFILES/src/sample/../../build/stuff.c.o
 .ARM.attributes
                0x000001c8       0x3a C:/Users/wzi25001/Documents/LABFILES/src/sample/../../build/main.c.o
 .ARM.attributes
                0x00000202       0x38 C:/Apps/arm-toolchain/bin/../lib/gcc/arm-none-eabi/13.2.1/thumb/v8-m.main+fp/hard\libc_nano.a(libc_a-exit.o)
 .ARM.attributes
                0x0000023a       0x38 C:/Apps/arm-toolchain/bin/../lib/gcc/arm-none-eabi/13.2.1/thumb/v8-m.main+fp/hard\libc_nano.a(libc_a-findfp.o)
 .ARM.attributes
                0x00000272       0x38 C:/Apps/arm-toolchain/bin/../lib/gcc/arm-none-eabi/13.2.1/thumb/v8-m.main+fp/hard\libc_nano.a(libc_a-memset.o)
 .ARM.attributes
                0x000002aa       0x38 C:/Apps/arm-toolchain/bin/../lib/gcc/arm-none-eabi/13.2.1/thumb/v8-m.main+fp/hard\libc_nano.a(libc_a-init.o)
 .ARM.attributes
                0x000002e2       0x24 C:/Apps/arm-toolchain/bin/../lib/gcc/arm-none-eabi/13.2.1/thumb/v8-m.main+fp/hard\libc_nano.a(libc_a-strlen.o)
 .ARM.attributes
                0x00000306       0x38 C:/Apps/arm-toolchain/bin/../lib/gcc/arm-none-eabi/13.2.1/thumb/v8-m.main+fp/hard\libnosys.a(_exit.o)
 .ARM.attributes
                0x0000033e       0x38 C:/Apps/arm-toolchain/bin/../lib/gcc/arm-none-eabi/13.2.1/thumb/v8-m.main+fp/hard/crtend.o
 .ARM.attributes
                0x00000376       0x26 C:/Apps/arm-toolchain/bin/../lib/gcc/arm-none-eabi/13.2.1/thumb/v8-m.main+fp/hard/crtn.o

.comment        0x00000000       0x44
 .comment       0x00000000       0x44 C:/Users/wzi25001/Documents/LABFILES/src/sample/../../build/system_nrf5340_application.c.o
                                 0x45 (size before relaxing)
 .comment       0x00000044       0x45 C:/Users/wzi25001/Documents/LABFILES/src/sample/../../build/nrfx_rtc.c.o
 .comment       0x00000044       0x45 C:/Users/wzi25001/Documents/LABFILES/src/sample/../../build/nrfx_uarte.c.o
 .comment       0x00000044       0x45 C:/Users/wzi25001/Documents/LABFILES/src/sample/../../build/nrfx_systick.c.o
 .comment       0x00000044       0x45 C:/Users/wzi25001/Documents/LABFILES/src/sample/../../build/stuff.c.o
 .comment       0x00000044       0x45 C:/Users/wzi25001/Documents/LABFILES/src/sample/../../build/main.c.o

.debug_line_str
                0x00000000      0x244
 .debug_line_str
                0x00000000      0x244 C:/Apps/arm-toolchain/bin/../lib/gcc/arm-none-eabi/13.2.1/thumb/v8-m.main+fp/hard/crt0.o
                                 0xda (size before relaxing)
 .debug_line_str
                0x00000244       0x7b C:/Users/wzi25001/Documents/LABFILES/src/sample/../../build/gcc_startup_nrf5340_application.S.o
 .debug_line_str
                0x00000244       0xef C:/Apps/arm-toolchain/bin/../lib/gcc/arm-none-eabi/13.2.1/thumb/v8-m.main+fp/hard\libc_nano.a(libc_a-strlen.o)

.debug_line     0x00000000     0x554a
 .debug_line    0x00000000       0x84 C:/Users/wzi25001/Documents/LABFILES/src/sample/../../build/gcc_startup_nrf5340_application.S.o
 .debug_line    0x00000084     0x19af C:/Users/wzi25001/Documents/LABFILES/src/sample/../../build/system_nrf5340_application.c.o
 .debug_line    0x00001a33      0xd33 C:/Users/wzi25001/Documents/LABFILES/src/sample/../../build/nrfx_rtc.c.o
 .debug_line    0x00002766     0x1597 C:/Users/wzi25001/Documents/LABFILES/src/sample/../../build/nrfx_uarte.c.o
 .debug_line    0x00003cfd      0x7b8 C:/Users/wzi25001/Documents/LABFILES/src/sample/../../build/nrfx_systick.c.o
 .debug_line    0x000044b5      0x8d5 C:/Users/wzi25001/Documents/LABFILES/src/sample/../../build/stuff.c.o
 .debug_line    0x00004d8a      0x7c0 C:/Users/wzi25001/Documents/LABFILES/src/sample/../../build/main.c.o

.debug_info     0x00000000     0x8d96
 .debug_info    0x00000000      0x2d8 C:/Users/wzi25001/Documents/LABFILES/src/sample/../../build/gcc_startup_nrf5340_application.S.o
 .debug_info    0x000002d8     0x2c1d C:/Users/wzi25001/Documents/LABFILES/src/sample/../../build/system_nrf5340_application.c.o
 .debug_info    0x00002ef5     0x1368 C:/Users/wzi25001/Documents/LABFILES/src/sample/../../build/nrfx_rtc.c.o
 .debug_info    0x0000425d     0x245c C:/Users/wzi25001/Documents/LABFILES/src/sample/../../build/nrfx_uarte.c.o
 .debug_info    0x000066b9      0x32d C:/Users/wzi25001/Documents/LABFILES/src/sample/../../build/nrfx_systick.c.o
 .debug_info    0x000069e6     0x1637 C:/Users/wzi25001/Documents/LABFILES/src/sample/../../build/stuff.c.o
 .debug_info    0x0000801d      0xd79 C:/Users/wzi25001/Documents/LABFILES/src/sample/../../build/main.c.o

.debug_abbrev   0x00000000     0x111f
 .debug_abbrev  0x00000000       0x28 C:/Users/wzi25001/Documents/LABFILES/src/sample/../../build/gcc_startup_nrf5340_application.S.o
 .debug_abbrev  0x00000028      0x251 C:/Users/wzi25001/Documents/LABFILES/src/sample/../../build/system_nrf5340_application.c.o
 .debug_abbrev  0x00000279      0x326 C:/Users/wzi25001/Documents/LABFILES/src/sample/../../build/nrfx_rtc.c.o
 .debug_abbrev  0x0000059f      0x3bc C:/Users/wzi25001/Documents/LABFILES/src/sample/../../build/nrfx_uarte.c.o
 .debug_abbrev  0x0000095b      0x1ef C:/Users/wzi25001/Documents/LABFILES/src/sample/../../build/nrfx_systick.c.o
 .debug_abbrev  0x00000b4a      0x352 C:/Users/wzi25001/Documents/LABFILES/src/sample/../../build/stuff.c.o
 .debug_abbrev  0x00000e9c      0x283 C:/Users/wzi25001/Documents/LABFILES/src/sample/../../build/main.c.o

.debug_aranges  0x00000000      0x958
 .debug_aranges
                0x00000000       0x20 C:/Users/wzi25001/Documents/LABFILES/src/sample/../../build/gcc_startup_nrf5340_application.S.o
 .debug_aranges
                0x00000020      0x398 C:/Users/wzi25001/Documents/LABFILES/src/sample/../../build/system_nrf5340_application.c.o
 .debug_aranges
                0x000003b8      0x190 C:/Users/wzi25001/Documents/LABFILES/src/sample/../../build/nrfx_rtc.c.o
 .debug_aranges
                0x00000548      0x2c0 C:/Users/wzi25001/Documents/LABFILES/src/sample/../../build/nrfx_uarte.c.o
 .debug_aranges
                0x00000808       0x70 C:/Users/wzi25001/Documents/LABFILES/src/sample/../../build/nrfx_systick.c.o
 .debug_aranges
                0x00000878       0x90 C:/Users/wzi25001/Documents/LABFILES/src/sample/../../build/stuff.c.o
 .debug_aranges
                0x00000908       0x50 C:/Users/wzi25001/Documents/LABFILES/src/sample/../../build/main.c.o

.debug_str      0x00000000    0x992d2
 .debug_str     0x00000000    0x992d2 C:/Users/wzi25001/Documents/LABFILES/src/sample/../../build/gcc_startup_nrf5340_application.S.o
                                0x417 (size before relaxing)
 .debug_str     0x000992d2    0x845ed C:/Users/wzi25001/Documents/LABFILES/src/sample/../../build/system_nrf5340_application.c.o
 .debug_str     0x000992d2    0x93e6e C:/Users/wzi25001/Documents/LABFILES/src/sample/../../build/nrfx_rtc.c.o
 .debug_str     0x000992d2    0x94d93 C:/Users/wzi25001/Documents/LABFILES/src/sample/../../build/nrfx_uarte.c.o
 .debug_str     0x000992d2    0x92bed C:/Users/wzi25001/Documents/LABFILES/src/sample/../../build/nrfx_systick.c.o
 .debug_str     0x000992d2    0x94e30 C:/Users/wzi25001/Documents/LABFILES/src/sample/../../build/stuff.c.o
 .debug_str     0x000992d2    0x9446c C:/Users/wzi25001/Documents/LABFILES/src/sample/../../build/main.c.o

.debug_rnglists
                0x00000000      0x6de
 .debug_rnglists
                0x00000000      0x2ae C:/Users/wzi25001/Documents/LABFILES/src/sample/../../build/system_nrf5340_application.c.o
 .debug_rnglists
                0x000002ae      0x12b C:/Users/wzi25001/Documents/LABFILES/src/sample/../../build/nrfx_rtc.c.o
 .debug_rnglists
                0x000003d9      0x216 C:/Users/wzi25001/Documents/LABFILES/src/sample/../../build/nrfx_uarte.c.o
 .debug_rnglists
                0x000005ef       0x50 C:/Users/wzi25001/Documents/LABFILES/src/sample/../../build/nrfx_systick.c.o
 .debug_rnglists
                0x0000063f       0x68 C:/Users/wzi25001/Documents/LABFILES/src/sample/../../build/stuff.c.o
 .debug_rnglists
                0x000006a7       0x37 C:/Users/wzi25001/Documents/LABFILES/src/sample/../../build/main.c.o

.debug_macro    0x00000000    0x190ac
 .debug_macro   0x00000000      0x16a C:/Users/wzi25001/Documents/LABFILES/src/sample/../../build/system_nrf5340_application.c.o
 .debug_macro   0x0000016a      0xaf0 C:/Users/wzi25001/Documents/LABFILES/src/sample/../../build/system_nrf5340_application.c.o
 .debug_macro   0x00000c5a       0x22 C:/Users/wzi25001/Documents/LABFILES/src/sample/../../build/system_nrf5340_application.c.o
 .debug_macro   0x00000c7c       0x56 C:/Users/wzi25001/Documents/LABFILES/src/sample/../../build/system_nrf5340_application.c.o
 .debug_macro   0x00000cd2       0x51 C:/Users/wzi25001/Documents/LABFILES/src/sample/../../build/system_nrf5340_application.c.o
 .debug_macro   0x00000d23      0x103 C:/Users/wzi25001/Documents/LABFILES/src/sample/../../build/system_nrf5340_application.c.o
 .debug_macro   0x00000e26       0x6a C:/Users/wzi25001/Documents/LABFILES/src/sample/../../build/system_nrf5340_application.c.o
 .debug_macro   0x00000e90      0x1df C:/Users/wzi25001/Documents/LABFILES/src/sample/../../build/system_nrf5340_application.c.o
 .debug_macro   0x0000106f       0x22 C:/Users/wzi25001/Documents/LABFILES/src/sample/../../build/system_nrf5340_application.c.o
 .debug_macro   0x00001091       0x2e C:/Users/wzi25001/Documents/LABFILES/src/sample/../../build/system_nrf5340_application.c.o
 .debug_macro   0x000010bf       0x50 C:/Users/wzi25001/Documents/LABFILES/src/sample/../../build/system_nrf5340_application.c.o
 .debug_macro   0x0000110f       0x1c C:/Users/wzi25001/Documents/LABFILES/src/sample/../../build/system_nrf5340_application.c.o
 .debug_macro   0x0000112b       0x29 C:/Users/wzi25001/Documents/LABFILES/src/sample/../../build/system_nrf5340_application.c.o
 .debug_macro   0x00001154       0xfb C:/Users/wzi25001/Documents/LABFILES/src/sample/../../build/system_nrf5340_application.c.o
 .debug_macro   0x0000124f     0x1685 C:/Users/wzi25001/Documents/LABFILES/src/sample/../../build/system_nrf5340_application.c.o
 .debug_macro   0x000028d4       0x5e C:/Users/wzi25001/Documents/LABFILES/src/sample/../../build/system_nrf5340_application.c.o
 .debug_macro   0x00002932      0x7ba C:/Users/wzi25001/Documents/LABFILES/src/sample/../../build/system_nrf5340_application.c.o
 .debug_macro   0x000030ec    0x1248c C:/Users/wzi25001/Documents/LABFILES/src/sample/../../build/system_nrf5340_application.c.o
 .debug_macro   0x00015578       0x52 C:/Users/wzi25001/Documents/LABFILES/src/sample/../../build/system_nrf5340_application.c.o
 .debug_macro   0x000155ca       0x12 C:/Users/wzi25001/Documents/LABFILES/src/sample/../../build/system_nrf5340_application.c.o
 .debug_macro   0x000155dc       0x6a C:/Users/wzi25001/Documents/LABFILES/src/sample/../../build/system_nrf5340_application.c.o
 .debug_macro   0x00015646      0x44e C:/Users/wzi25001/Documents/LABFILES/src/sample/../../build/system_nrf5340_application.c.o
 .debug_macro   0x00015a94      0x5e4 C:/Users/wzi25001/Documents/LABFILES/src/sample/../../build/system_nrf5340_application.c.o
 .debug_macro   0x00016078      0x2a5 C:/Users/wzi25001/Documents/LABFILES/src/sample/../../build/nrfx_rtc.c.o
 .debug_macro   0x0001631d       0x1c C:/Users/wzi25001/Documents/LABFILES/src/sample/../../build/nrfx_rtc.c.o
 .debug_macro   0x00016339      0x5f9 C:/Users/wzi25001/Documents/LABFILES/src/sample/../../build/nrfx_rtc.c.o
 .debug_macro   0x00016932      0x189 C:/Users/wzi25001/Documents/LABFILES/src/sample/../../build/nrfx_rtc.c.o
 .debug_macro   0x00016abb       0x7b C:/Users/wzi25001/Documents/LABFILES/src/sample/../../build/nrfx_rtc.c.o
 .debug_macro   0x00016b36       0x2a C:/Users/wzi25001/Documents/LABFILES/src/sample/../../build/nrfx_rtc.c.o
 .debug_macro   0x00016b60       0x3c C:/Users/wzi25001/Documents/LABFILES/src/sample/../../build/nrfx_rtc.c.o
 .debug_macro   0x00016b9c       0x34 C:/Users/wzi25001/Documents/LABFILES/src/sample/../../build/nrfx_rtc.c.o
 .debug_macro   0x00016bd0      0x38c C:/Users/wzi25001/Documents/LABFILES/src/sample/../../build/nrfx_rtc.c.o
 .debug_macro   0x00016f5c       0x16 C:/Users/wzi25001/Documents/LABFILES/src/sample/../../build/nrfx_rtc.c.o
 .debug_macro   0x00016f72       0x4a C:/Users/wzi25001/Documents/LABFILES/src/sample/../../build/nrfx_rtc.c.o
 .debug_macro   0x00016fbc       0x34 C:/Users/wzi25001/Documents/LABFILES/src/sample/../../build/nrfx_rtc.c.o
 .debug_macro   0x00016ff0       0x10 C:/Users/wzi25001/Documents/LABFILES/src/sample/../../build/nrfx_rtc.c.o
 .debug_macro   0x00017000       0x58 C:/Users/wzi25001/Documents/LABFILES/src/sample/../../build/nrfx_rtc.c.o
 .debug_macro   0x00017058      0x1de C:/Users/wzi25001/Documents/LABFILES/src/sample/../../build/nrfx_rtc.c.o
 .debug_macro   0x00017236       0x10 C:/Users/wzi25001/Documents/LABFILES/src/sample/../../build/nrfx_rtc.c.o
 .debug_macro   0x00017246       0x3c C:/Users/wzi25001/Documents/LABFILES/src/sample/../../build/nrfx_rtc.c.o
 .debug_macro   0x00017282       0x7c C:/Users/wzi25001/Documents/LABFILES/src/sample/../../build/nrfx_rtc.c.o
 .debug_macro   0x000172fe       0x17 C:/Users/wzi25001/Documents/LABFILES/src/sample/../../build/nrfx_rtc.c.o
 .debug_macro   0x00017315       0xee C:/Users/wzi25001/Documents/LABFILES/src/sample/../../build/nrfx_rtc.c.o
 .debug_macro   0x00017403      0xa39 C:/Users/wzi25001/Documents/LABFILES/src/sample/../../build/nrfx_rtc.c.o
 .debug_macro   0x00017e3c       0x64 C:/Users/wzi25001/Documents/LABFILES/src/sample/../../build/nrfx_rtc.c.o
 .debug_macro   0x00017ea0      0x10f C:/Users/wzi25001/Documents/LABFILES/src/sample/../../build/nrfx_rtc.c.o
 .debug_macro   0x00017faf       0xf7 C:/Users/wzi25001/Documents/LABFILES/src/sample/../../build/nrfx_rtc.c.o
 .debug_macro   0x000180a6       0x34 C:/Users/wzi25001/Documents/LABFILES/src/sample/../../build/nrfx_rtc.c.o
 .debug_macro   0x000180da       0x4c C:/Users/wzi25001/Documents/LABFILES/src/sample/../../build/nrfx_rtc.c.o
 .debug_macro   0x00018126       0x16 C:/Users/wzi25001/Documents/LABFILES/src/sample/../../build/nrfx_rtc.c.o
 .debug_macro   0x0001813c       0x46 C:/Users/wzi25001/Documents/LABFILES/src/sample/../../build/nrfx_rtc.c.o
 .debug_macro   0x00018182       0x1d C:/Users/wzi25001/Documents/LABFILES/src/sample/../../build/nrfx_rtc.c.o
 .debug_macro   0x0001819f       0x41 C:/Users/wzi25001/Documents/LABFILES/src/sample/../../build/nrfx_rtc.c.o
 .debug_macro   0x000181e0      0x2cd C:/Users/wzi25001/Documents/LABFILES/src/sample/../../build/nrfx_uarte.c.o
 .debug_macro   0x000184ad       0x22 C:/Users/wzi25001/Documents/LABFILES/src/sample/../../build/nrfx_uarte.c.o
 .debug_macro   0x000184cf       0x17 C:/Users/wzi25001/Documents/LABFILES/src/sample/../../build/nrfx_uarte.c.o
 .debug_macro   0x000184e6       0x28 C:/Users/wzi25001/Documents/LABFILES/src/sample/../../build/nrfx_uarte.c.o
 .debug_macro   0x0001850e       0x7b C:/Users/wzi25001/Documents/LABFILES/src/sample/../../build/nrfx_uarte.c.o
 .debug_macro   0x00018589      0x29f C:/Users/wzi25001/Documents/LABFILES/src/sample/../../build/nrfx_systick.c.o
 .debug_macro   0x00018828       0x10 C:/Users/wzi25001/Documents/LABFILES/src/sample/../../build/nrfx_systick.c.o
 .debug_macro   0x00018838      0x33a C:/Users/wzi25001/Documents/LABFILES/src/sample/../../build/stuff.c.o
 .debug_macro   0x00018b72       0x46 C:/Users/wzi25001/Documents/LABFILES/src/sample/../../build/stuff.c.o
 .debug_macro   0x00018bb8       0x16 C:/Users/wzi25001/Documents/LABFILES/src/sample/../../build/stuff.c.o
 .debug_macro   0x00018bce       0x22 C:/Users/wzi25001/Documents/LABFILES/src/sample/../../build/stuff.c.o
 .debug_macro   0x00018bf0       0x1c C:/Users/wzi25001/Documents/LABFILES/src/sample/../../build/stuff.c.o
 .debug_macro   0x00018c0c       0x10 C:/Users/wzi25001/Documents/LABFILES/src/sample/../../build/stuff.c.o
 .debug_macro   0x00018c1c       0x16 C:/Users/wzi25001/Documents/LABFILES/src/sample/../../build/stuff.c.o
 .debug_macro   0x00018c32       0x16 C:/Users/wzi25001/Documents/LABFILES/src/sample/../../build/stuff.c.o
 .debug_macro   0x00018c48      0x12a C:/Users/wzi25001/Documents/LABFILES/src/sample/../../build/stuff.c.o
 .debug_macro   0x00018d72      0x33a C:/Users/wzi25001/Documents/LABFILES/src/sample/../../build/main.c.o

.debug_frame    0x00000000     0x2a9c
 .debug_frame   0x00000000     0x10bc C:/Users/wzi25001/Documents/LABFILES/src/sample/../../build/system_nrf5340_application.c.o
 .debug_frame   0x000010bc      0x6cc C:/Users/wzi25001/Documents/LABFILES/src/sample/../../build/nrfx_rtc.c.o
 .debug_frame   0x00001788      0xc58 C:/Users/wzi25001/Documents/LABFILES/src/sample/../../build/nrfx_uarte.c.o
 .debug_frame   0x000023e0      0x1a4 C:/Users/wzi25001/Documents/LABFILES/src/sample/../../build/nrfx_systick.c.o
 .debug_frame   0x00002584      0x238 C:/Users/wzi25001/Documents/LABFILES/src/sample/../../build/stuff.c.o
 .debug_frame   0x000027bc      0x108 C:/Users/wzi25001/Documents/LABFILES/src/sample/../../build/main.c.o
 .debug_frame   0x000028c4       0x28 C:/Apps/arm-toolchain/bin/../lib/gcc/arm-none-eabi/13.2.1/thumb/v8-m.main+fp/hard\libc_nano.a(libc_a-exit.o)
 .debug_frame   0x000028ec      0x144 C:/Apps/arm-toolchain/bin/../lib/gcc/arm-none-eabi/13.2.1/thumb/v8-m.main+fp/hard\libc_nano.a(libc_a-findfp.o)
 .debug_frame   0x00002a30       0x20 C:/Apps/arm-toolchain/bin/../lib/gcc/arm-none-eabi/13.2.1/thumb/v8-m.main+fp/hard\libc_nano.a(libc_a-memset.o)
 .debug_frame   0x00002a50       0x2c C:/Apps/arm-toolchain/bin/../lib/gcc/arm-none-eabi/13.2.1/thumb/v8-m.main+fp/hard\libc_nano.a(libc_a-init.o)
 .debug_frame   0x00002a7c       0x20 C:/Apps/arm-toolchain/bin/../lib/gcc/arm-none-eabi/13.2.1/thumb/v8-m.main+fp/hard\libnosys.a(_exit.o)
